// Jest Snapshot v1, https://goo.gl/fbAQLP

exports[`<App /> should metch snapchat 1`] = `
<div
  className="App"
>
  <h1
    className="sc-bdVaJa fXoFJR"
  >
     React Wars ðŸŒŒ 
  </h1>
  <div
    className="characterList"
  />
</div>
`;
